// Jest Snapshot v1, https://goo.gl/fbAQLP

exports[`Componente de transacao do extrato Snaphot do componente deve permanecer sempre o mesmo 1`] = `
<div
  class="transacao-container"
>
  <p>
    08/09/2021
  </p>
  <p>
    saque
  </p>
  <p>
    R$ 
    20
  </p>
</div>
`;
